Sending request to http://localhost:5000/api/posts...
node : Error Response 
Status: 400
At line:1 char:1
+ node 
scripts/test_create_post.js 
> test_output.txt 2>&1
+ ~~~~~~~~~~~~~~~~~~~~~~~~~~
~~~~~~~~~~~~~~~~~~~~~~~~~~~~
~
    + CategoryInfo          
    : NotSpecified: (Error  
   Response Status: 400:S   
 tring) [], RemoteExcept    
ion
    + FullyQualifiedErrorId 
    : NativeCommandError
 
Error Response Data: {
  message: 'next is not a 
function',
  stack: 'TypeError: next 
is not a function\n' +
    '    at 
model.<anonymous> (C:\\Users
\\victus\\Desktop\\loveandne
ststudio\\backend\\models\\B
logPost.js:26:5)\n' +
    '    at Kareem.execPre (
C:\\Users\\victus\\Desktop\\
loveandneststudio\\backend\\
node_modules\\kareem\\index.
js:63:39)\n' +
    '    at process.processT
icksAndRejections (node:inte
rnal/process/task_queues:105
:5)\n' +
    '    at async 
model.$__save (C:\\Users\\vi
ctus\\Desktop\\loveandnestst
udio\\backend\\node_modules\
\mongoose\\lib\\model.js:369
:5)\n' +
    '    at async 
model.save (C:\\Users\\victu
s\\Desktop\\loveandneststudi
o\\backend\\node_modules\\mo
ngoose\\lib\\model.js:609:5)
\n' +
    '    at async C:\\Users\
\victus\\Desktop\\loveandnes
tstudio\\backend\\node_modul
es\\mongoose\\lib\\model.js:
2714:9\n' +
    '    at async 
Promise.all (index 0)\n' +
    '    at async 
Function.create (C:\\Users\\
victus\\Desktop\\loveandnest
studio\\backend\\node_module
s\\mongoose\\lib\\model.js:2
699:11)\n' +
    '    at async 
createPost (C:\\Users\\victu
s\\Desktop\\loveandneststudi
o\\backend\\controllers\\blo
gController.js:57:22)'
}
